======================t+1抽取 order_info==================================
======================datax开始抽取 order_info的分区2026-10-07==============================

DataX (DATAX-OPENSOURCE-3.0), From Alibaba !
Copyright (C) 2010-2017, Alibaba Group. All Rights Reserved.


2026-10-08 02:00:08.165 [main] INFO  MessageSource - JVM TimeZone: GMT+08:00, Locale: zh_CN
2026-10-08 02:00:08.167 [main] INFO  MessageSource - use Locale: zh_CN timeZone: sun.util.calendar.ZoneInfo[id="GMT+08:00",offset=28800000,dstSavings=0,useDaylight=false,transitions=0,lastRule=null]
2026-10-08 02:00:08.175 [main] INFO  VMInfo - VMInfo# operatingSystem class => sun.management.OperatingSystemImpl
2026-10-08 02:00:08.177 [main] INFO  Engine - the machine info  => 

	osInfo:	Oracle Corporation 1.8 25.212-b10
	jvmInfo:	Linux amd64 5.4.0-216-generic
	cpu num:	4

	totalPhysicalMemory:	-0.00G
	freePhysicalMemory:	-0.00G
	maxFileDescriptorCount:	-1
	currentOpenFileDescriptorCount:	-1

	GC Names	[PS MarkSweep, PS Scavenge]

	MEMORY_NAME                    | allocation_size                | init_size                      
	PS Eden Space                  | 256.00MB                       | 256.00MB                       
	Code Cache                     | 240.00MB                       | 2.44MB                         
	Compressed Class Space         | 1,024.00MB                     | 0.00MB                         
	PS Survivor Space              | 42.50MB                        | 42.50MB                        
	PS Old Gen                     | 683.00MB                       | 683.00MB                       
	Metaspace                      | -0.00MB                        | 0.00MB                         


2026-10-08 02:00:08.187 [main] INFO  Engine - 
{
	"content":[
		{
			"reader":{
				"name":"mysqlreader",
				"parameter":{
					"connection":[
						{
							"jdbcUrl":[
								"jdbc:mysql://192.168.110.131:3306/cloud_ecommerce?useUnicode=true&characterEncoding=utf-8"
							],
							"querySql":[
								"SELECT * FROM order_info WHERE date(create_time)='2026-10-07' "
							]
						}
					],
					"password":"*******",
					"username":"bigdata"
				}
			},
			"writer":{
				"name":"hdfswriter",
				"parameter":{
					"column":[
						{
							"name":"order_id",
							"type":"BIGINT"
						},
						{
							"name":"order_no",
							"type":"STRING"
						},
						{
							"name":"user_id",
							"type":"BIGINT"
						},
						{
							"name":"total_amount",
							"type":"STRING"
						},
						{
							"name":"pay_amount",
							"type":"STRING"
						},
						{
							"name":"freight_amount",
							"type":"STRING"
						},
						{
							"name":"discount_amount",
							"type":"STRING"
						},
						{
							"name":"coupon_id",
							"type":"BIGINT"
						},
						{
							"name":"order_status",
							"type":"TINYINT"
						},
						{
							"name":"payment_method",
							"type":"STRING"
						},
						{
							"name":"payment_time",
							"type":"STRING"
						},
						{
							"name":"delivery_time",
							"type":"STRING"
						},
						{
							"name":"receive_time",
							"type":"STRING"
						},
						{
							"name":"receiver_name",
							"type":"STRING"
						},
						{
							"name":"receiver_phone",
							"type":"STRING"
						},
						{
							"name":"receiver_address",
							"type":"STRING"
						},
						{
							"name":"order_remark",
							"type":"STRING"
						},
						{
							"name":"create_time",
							"type":"STRING"
						},
						{
							"name":"update_time",
							"type":"STRING"
						}
					],
					"defaultFS":"hdfs://192.168.42.101:8020",
					"fieldDelimiter":"\t",
					"fileName":"order_info",
					"fileType":"text",
					"path":"/hive3/warehouse/ods.db/ods_order_info/dt=2026-10-07",
					"writeMode":"truncate"
				}
			}
		}
	],
	"setting":{
		"speed":{
			"channel":1
		}
	}
}

2026-10-08 02:00:08.197 [main] WARN  Engine - prioriy set to 0, because NumberFormatException, the value is: null
2026-10-08 02:00:08.198 [main] INFO  PerfTrace - PerfTrace traceId=job_-1, isEnable=false, priority=0
2026-10-08 02:00:08.198 [main] INFO  JobContainer - DataX jobContainer starts job.
2026-10-08 02:00:08.199 [main] INFO  JobContainer - Set jobId = 0
2026-10-08 02:00:08.583 [job-0] INFO  OriginalConfPretreatmentUtil - Available jdbcUrl:jdbc:mysql://192.168.110.131:3306/cloud_ecommerce?useUnicode=true&characterEncoding=utf-8&yearIsDateType=false&zeroDateTimeBehavior=convertToNull&tinyInt1isBit=false&rewriteBatchedStatements=true.
2026-10-08 02:00:09.367 [job-0] INFO  JobContainer - jobContainer starts to do prepare ...
2026-10-08 02:00:09.368 [job-0] INFO  JobContainer - DataX Reader.Job [mysqlreader] do prepare work .
2026-10-08 02:00:09.368 [job-0] INFO  JobContainer - DataX Writer.Job [hdfswriter] do prepare work .
2026-10-08 02:00:09.432 [job-0] INFO  JobContainer - jobContainer starts to do split ...
2026-10-08 02:00:09.432 [job-0] INFO  JobContainer - Job set Channel-Number to 1 channels.
2026-10-08 02:00:09.433 [job-0] INFO  JobContainer - DataX Reader.Job [mysqlreader] splits to [1] tasks.
2026-10-08 02:00:09.433 [job-0] INFO  HdfsWriter$Job - begin do split...
2026-10-08 02:00:09.441 [job-0] INFO  HdfsWriter$Job - splited write file name:[hdfs://192.168.42.101:8020/hive3/warehouse/ods.db/ods_order_info/dt=2026-10-07__ef137527_aced_4cbe_b9e1_f183b3de7c09/order_info__65af3c4c_a5c2_4b41_9415_fd4212f8332d]
2026-10-08 02:00:09.441 [job-0] INFO  HdfsWriter$Job - end do split.
2026-10-08 02:00:09.441 [job-0] INFO  JobContainer - DataX Writer.Job [hdfswriter] splits to [1] tasks.
2026-10-08 02:00:09.450 [job-0] INFO  JobContainer - jobContainer starts to do schedule ...
2026-10-08 02:00:09.452 [job-0] INFO  JobContainer - Scheduler starts [1] taskGroups.
2026-10-08 02:00:09.453 [job-0] INFO  JobContainer - Running by standalone Mode.
2026-10-08 02:00:09.467 [taskGroup-0] INFO  TaskGroupContainer - taskGroupId=[0] start [1] channels for [1] tasks.
2026-10-08 02:00:09.471 [taskGroup-0] INFO  Channel - Channel set byte_speed_limit to -1, No bps activated.
2026-10-08 02:00:09.471 [taskGroup-0] INFO  Channel - Channel set record_speed_limit to -1, No tps activated.
2026-10-08 02:00:09.476 [taskGroup-0] INFO  TaskGroupContainer - taskGroup[0] taskId[0] attemptCount[1] is started
2026-10-08 02:00:09.478 [0-0-0-reader] INFO  CommonRdbmsReader$Task - Begin to read record by Sql: [SELECT * FROM order_info WHERE date(create_time)='2026-10-07' 
] jdbcUrl:[jdbc:mysql://192.168.110.131:3306/cloud_ecommerce?useUnicode=true&characterEncoding=utf-8&yearIsDateType=false&zeroDateTimeBehavior=convertToNull&tinyInt1isBit=false&rewriteBatchedStatements=true].
2026-10-08 02:00:09.488 [0-0-0-writer] INFO  HdfsWriter$Task - begin do write...
2026-10-08 02:00:09.488 [0-0-0-writer] INFO  HdfsWriter$Task - write to file : [hdfs://192.168.42.101:8020/hive3/warehouse/ods.db/ods_order_info/dt=2026-10-07__ef137527_aced_4cbe_b9e1_f183b3de7c09/order_info__65af3c4c_a5c2_4b41_9415_fd4212f8332d]
2026-10-08 02:00:19.468 [job-0] INFO  StandAloneJobContainerCommunicator - Total 0 records, 0 bytes | Speed 0B/s, 0 records/s | Error 0 records, 0 bytes |  All Task WaitWriterTime 0.000s |  All Task WaitReaderTime 0.000s | Percentage 0.00%
2026-10-08 02:00:21.447 [0-0-0-reader] INFO  CommonRdbmsReader$Task - Finished read record by Sql: [SELECT * FROM order_info WHERE date(create_time)='2026-10-07' 
] jdbcUrl:[jdbc:mysql://192.168.110.131:3306/cloud_ecommerce?useUnicode=true&characterEncoding=utf-8&yearIsDateType=false&zeroDateTimeBehavior=convertToNull&tinyInt1isBit=false&rewriteBatchedStatements=true].
2026-10-08 02:00:21.458 [0-0-0-writer] INFO  HdfsWriter$Task - end do write
2026-10-08 02:00:21.495 [taskGroup-0] INFO  TaskGroupContainer - taskGroup[0] taskId[0] is successed, used[12021]ms
2026-10-08 02:00:21.495 [taskGroup-0] INFO  TaskGroupContainer - taskGroup[0] completed it's tasks.
2026-10-08 02:00:29.469 [job-0] INFO  StandAloneJobContainerCommunicator - Total 74675 records, 9610997 bytes | Speed 938.57KB/s, 7467 records/s | Error 0 records, 0 bytes |  All Task WaitWriterTime 0.129s |  All Task WaitReaderTime 11.138s | Percentage 100.00%
2026-10-08 02:00:29.469 [job-0] INFO  AbstractScheduler - Scheduler accomplished all tasks.
2026-10-08 02:00:29.469 [job-0] INFO  JobContainer - DataX Writer.Job [hdfswriter] do post work.
2026-10-08 02:00:29.470 [job-0] INFO  HdfsWriter$Job - start rename file [hdfs://192.168.42.101:8020/hive3/warehouse/ods.db/ods_order_info/dt=2026-10-07__ef137527_aced_4cbe_b9e1_f183b3de7c09/order_info__65af3c4c_a5c2_4b41_9415_fd4212f8332d] to file [hdfs://192.168.42.101:8020/hive3/warehouse/ods.db/ods_order_info/dt=2026-10-07/order_info__65af3c4c_a5c2_4b41_9415_fd4212f8332d].
2026-10-08 02:00:29.474 [job-0] INFO  HdfsWriter$Job - finish rename file [hdfs://192.168.42.101:8020/hive3/warehouse/ods.db/ods_order_info/dt=2026-10-07__ef137527_aced_4cbe_b9e1_f183b3de7c09/order_info__65af3c4c_a5c2_4b41_9415_fd4212f8332d] to file [hdfs://192.168.42.101:8020/hive3/warehouse/ods.db/ods_order_info/dt=2026-10-07/order_info__65af3c4c_a5c2_4b41_9415_fd4212f8332d].
2026-10-08 02:00:29.474 [job-0] INFO  HdfsWriter$Job - start delete tmp dir [hdfs://192.168.42.101:8020/hive3/warehouse/ods.db/ods_order_info/dt=2026-10-07__ef137527_aced_4cbe_b9e1_f183b3de7c09] .
2026-10-08 02:00:29.477 [job-0] INFO  HdfsWriter$Job - finish delete tmp dir [hdfs://192.168.42.101:8020/hive3/warehouse/ods.db/ods_order_info/dt=2026-10-07__ef137527_aced_4cbe_b9e1_f183b3de7c09] .
2026-10-08 02:00:29.477 [job-0] INFO  JobContainer - DataX Reader.Job [mysqlreader] do post work.
2026-10-08 02:00:29.477 [job-0] INFO  JobContainer - DataX jobId [0] completed successfully.
2026-10-08 02:00:29.477 [job-0] INFO  HookInvoker - No hook invoked, because base dir not exists or is a file: /opt/datax/hook
2026-10-08 02:00:29.579 [job-0] INFO  JobContainer - 
	 [total cpu info] => 
		averageCpu                     | maxDeltaCpu                    | minDeltaCpu                    
		-1.00%                         | -1.00%                         | -1.00%
                        

	 [total gc info] => 
		 NAME                 | totalGCCount       | maxDeltaGCCount    | minDeltaGCCount    | totalGCTime        | maxDeltaGCTime     | minDeltaGCTime     
		 PS MarkSweep         | 1                  | 1                  | 1                  | 0.018s             | 0.018s             | 0.018s             
		 PS Scavenge          | 6                  | 6                  | 6                  | 0.031s             | 0.031s             | 0.031s             

2026-10-08 02:00:29.579 [job-0] INFO  JobContainer - PerfTrace not enable!
2026-10-08 02:00:29.580 [job-0] INFO  StandAloneJobContainerCommunicator - Total 74675 records, 9610997 bytes | Speed 469.29KB/s, 3733 records/s | Error 0 records, 0 bytes |  All Task WaitWriterTime 0.129s |  All Task WaitReaderTime 11.138s | Percentage 100.00%
2026-10-08 02:00:29.580 [job-0] INFO  JobContainer - 
任务启动时刻                    : 2026-10-08 02:00:08
任务结束时刻                    : 2026-10-08 02:00:29
任务总计耗时                    :                 21s
任务平均流量                    :          469.29KB/s
记录写入速度                    :           3733rec/s
读出记录总数                    :               74675
读写失败总数                    :                   0

======================修复 order_info 分区======================
Partitions not in metastore:	ods_order_info:dt=2026-10-07
Repair: Added partition to metastore ods_order_info:dt=2026-10-07
======================t+1抽取 order_detail==================================
======================datax开始抽取 order_detail的分区2026-10-07==============================

DataX (DATAX-OPENSOURCE-3.0), From Alibaba !
Copyright (C) 2010-2017, Alibaba Group. All Rights Reserved.


2026-10-08 02:00:40.853 [main] INFO  MessageSource - JVM TimeZone: GMT+08:00, Locale: zh_CN
2026-10-08 02:00:40.855 [main] INFO  MessageSource - use Locale: zh_CN timeZone: sun.util.calendar.ZoneInfo[id="GMT+08:00",offset=28800000,dstSavings=0,useDaylight=false,transitions=0,lastRule=null]
2026-10-08 02:00:40.860 [main] INFO  VMInfo - VMInfo# operatingSystem class => sun.management.OperatingSystemImpl
2026-10-08 02:00:40.863 [main] INFO  Engine - the machine info  => 

	osInfo:	Oracle Corporation 1.8 25.212-b10
	jvmInfo:	Linux amd64 5.4.0-216-generic
	cpu num:	4

	totalPhysicalMemory:	-0.00G
	freePhysicalMemory:	-0.00G
	maxFileDescriptorCount:	-1
	currentOpenFileDescriptorCount:	-1

	GC Names	[PS MarkSweep, PS Scavenge]

	MEMORY_NAME                    | allocation_size                | init_size                      
	PS Eden Space                  | 256.00MB                       | 256.00MB                       
	Code Cache                     | 240.00MB                       | 2.44MB                         
	Compressed Class Space         | 1,024.00MB                     | 0.00MB                         
	PS Survivor Space              | 42.50MB                        | 42.50MB                        
	PS Old Gen                     | 683.00MB                       | 683.00MB                       
	Metaspace                      | -0.00MB                        | 0.00MB                         


2026-10-08 02:00:40.873 [main] INFO  Engine - 
{
	"content":[
		{
			"reader":{
				"name":"mysqlreader",
				"parameter":{
					"connection":[
						{
							"jdbcUrl":[
								"jdbc:mysql://192.168.110.131:3306/cloud_ecommerce?useUnicode=true&characterEncoding=utf-8"
							],
							"querySql":[
								"SELECT * FROM order_detail WHERE date(create_time)='2026-10-07' "
							]
						}
					],
					"password":"*******",
					"username":"bigdata"
				}
			},
			"writer":{
				"name":"hdfswriter",
				"parameter":{
					"column":[
						{
							"name":"detail_id",
							"type":"BIGINT"
						},
						{
							"name":"order_id",
							"type":"BIGINT"
						},
						{
							"name":"product_id",
							"type":"BIGINT"
						},
						{
							"name":"product_price",
							"type":"STRING"
						},
						{
							"name":"product_quantity",
							"type":"INT"
						},
						{
							"name":"total_amount",
							"type":"STRING"
						},
						{
							"name":"create_time",
							"type":"STRING"
						}
					],
					"defaultFS":"hdfs://192.168.42.101:8020",
					"fieldDelimiter":"\t",
					"fileName":"order_detail",
					"fileType":"text",
					"path":"/hive3/warehouse/ods.db/ods_order_detail/dt=2026-10-07",
					"writeMode":"truncate"
				}
			}
		}
	],
	"setting":{
		"speed":{
			"channel":1
		}
	}
}

2026-10-08 02:00:40.882 [main] WARN  Engine - prioriy set to 0, because NumberFormatException, the value is: null
2026-10-08 02:00:40.883 [main] INFO  PerfTrace - PerfTrace traceId=job_-1, isEnable=false, priority=0
2026-10-08 02:00:40.883 [main] INFO  JobContainer - DataX jobContainer starts job.
2026-10-08 02:00:40.884 [main] INFO  JobContainer - Set jobId = 0
2026-10-08 02:00:41.222 [job-0] INFO  OriginalConfPretreatmentUtil - Available jdbcUrl:jdbc:mysql://192.168.110.131:3306/cloud_ecommerce?useUnicode=true&characterEncoding=utf-8&yearIsDateType=false&zeroDateTimeBehavior=convertToNull&tinyInt1isBit=false&rewriteBatchedStatements=true.
2026-10-08 02:00:41.702 [job-0] INFO  JobContainer - jobContainer starts to do prepare ...
2026-10-08 02:00:41.703 [job-0] INFO  JobContainer - DataX Reader.Job [mysqlreader] do prepare work .
2026-10-08 02:00:41.703 [job-0] INFO  JobContainer - DataX Writer.Job [hdfswriter] do prepare work .
2026-10-08 02:00:41.753 [job-0] INFO  JobContainer - jobContainer starts to do split ...
2026-10-08 02:00:41.753 [job-0] INFO  JobContainer - Job set Channel-Number to 1 channels.
2026-10-08 02:00:41.754 [job-0] INFO  JobContainer - DataX Reader.Job [mysqlreader] splits to [1] tasks.
2026-10-08 02:00:41.755 [job-0] INFO  HdfsWriter$Job - begin do split...
2026-10-08 02:00:41.759 [job-0] INFO  HdfsWriter$Job - splited write file name:[hdfs://192.168.42.101:8020/hive3/warehouse/ods.db/ods_order_detail/dt=2026-10-07__b78983c7_b5c0_46f9_9fda_94c80050e539/order_detail__537f398f_0da5_4b7c_aede_ede33ab41b62]
2026-10-08 02:00:41.759 [job-0] INFO  HdfsWriter$Job - end do split.
2026-10-08 02:00:41.759 [job-0] INFO  JobContainer - DataX Writer.Job [hdfswriter] splits to [1] tasks.
2026-10-08 02:00:41.768 [job-0] INFO  JobContainer - jobContainer starts to do schedule ...
2026-10-08 02:00:41.770 [job-0] INFO  JobContainer - Scheduler starts [1] taskGroups.
2026-10-08 02:00:41.771 [job-0] INFO  JobContainer - Running by standalone Mode.
2026-10-08 02:00:41.776 [taskGroup-0] INFO  TaskGroupContainer - taskGroupId=[0] start [1] channels for [1] tasks.
2026-10-08 02:00:41.778 [taskGroup-0] INFO  Channel - Channel set byte_speed_limit to -1, No bps activated.
2026-10-08 02:00:41.778 [taskGroup-0] INFO  Channel - Channel set record_speed_limit to -1, No tps activated.
2026-10-08 02:00:41.783 [taskGroup-0] INFO  TaskGroupContainer - taskGroup[0] taskId[0] attemptCount[1] is started
2026-10-08 02:00:41.784 [0-0-0-reader] INFO  CommonRdbmsReader$Task - Begin to read record by Sql: [SELECT * FROM order_detail WHERE date(create_time)='2026-10-07' 
] jdbcUrl:[jdbc:mysql://192.168.110.131:3306/cloud_ecommerce?useUnicode=true&characterEncoding=utf-8&yearIsDateType=false&zeroDateTimeBehavior=convertToNull&tinyInt1isBit=false&rewriteBatchedStatements=true].
2026-10-08 02:00:41.800 [0-0-0-writer] INFO  HdfsWriter$Task - begin do write...
2026-10-08 02:00:41.800 [0-0-0-writer] INFO  HdfsWriter$Task - write to file : [hdfs://192.168.42.101:8020/hive3/warehouse/ods.db/ods_order_detail/dt=2026-10-07__b78983c7_b5c0_46f9_9fda_94c80050e539/order_detail__537f398f_0da5_4b7c_aede_ede33ab41b62]
2026-10-08 02:00:44.565 [0-0-0-reader] INFO  CommonRdbmsReader$Task - Finished read record by Sql: [SELECT * FROM order_detail WHERE date(create_time)='2026-10-07' 
] jdbcUrl:[jdbc:mysql://192.168.110.131:3306/cloud_ecommerce?useUnicode=true&characterEncoding=utf-8&yearIsDateType=false&zeroDateTimeBehavior=convertToNull&tinyInt1isBit=false&rewriteBatchedStatements=true].
2026-10-08 02:00:44.574 [0-0-0-writer] INFO  HdfsWriter$Task - end do write
2026-10-08 02:00:44.590 [taskGroup-0] INFO  TaskGroupContainer - taskGroup[0] taskId[0] is successed, used[2808]ms
2026-10-08 02:00:44.591 [taskGroup-0] INFO  TaskGroupContainer - taskGroup[0] completed it's tasks.
2026-10-08 02:00:51.782 [job-0] INFO  StandAloneJobContainerCommunicator - Total 224932 records, 8638208 bytes | Speed 843.57KB/s, 22493 records/s | Error 0 records, 0 bytes |  All Task WaitWriterTime 0.161s |  All Task WaitReaderTime 1.930s | Percentage 100.00%
2026-10-08 02:00:51.782 [job-0] INFO  AbstractScheduler - Scheduler accomplished all tasks.
2026-10-08 02:00:51.782 [job-0] INFO  JobContainer - DataX Writer.Job [hdfswriter] do post work.
2026-10-08 02:00:51.782 [job-0] INFO  HdfsWriter$Job - start rename file [hdfs://192.168.42.101:8020/hive3/warehouse/ods.db/ods_order_detail/dt=2026-10-07__b78983c7_b5c0_46f9_9fda_94c80050e539/order_detail__537f398f_0da5_4b7c_aede_ede33ab41b62] to file [hdfs://192.168.42.101:8020/hive3/warehouse/ods.db/ods_order_detail/dt=2026-10-07/order_detail__537f398f_0da5_4b7c_aede_ede33ab41b62].
2026-10-08 02:00:51.785 [job-0] INFO  HdfsWriter$Job - finish rename file [hdfs://192.168.42.101:8020/hive3/warehouse/ods.db/ods_order_detail/dt=2026-10-07__b78983c7_b5c0_46f9_9fda_94c80050e539/order_detail__537f398f_0da5_4b7c_aede_ede33ab41b62] to file [hdfs://192.168.42.101:8020/hive3/warehouse/ods.db/ods_order_detail/dt=2026-10-07/order_detail__537f398f_0da5_4b7c_aede_ede33ab41b62].
2026-10-08 02:00:51.785 [job-0] INFO  HdfsWriter$Job - start delete tmp dir [hdfs://192.168.42.101:8020/hive3/warehouse/ods.db/ods_order_detail/dt=2026-10-07__b78983c7_b5c0_46f9_9fda_94c80050e539] .
2026-10-08 02:00:51.788 [job-0] INFO  HdfsWriter$Job - finish delete tmp dir [hdfs://192.168.42.101:8020/hive3/warehouse/ods.db/ods_order_detail/dt=2026-10-07__b78983c7_b5c0_46f9_9fda_94c80050e539] .
2026-10-08 02:00:51.788 [job-0] INFO  JobContainer - DataX Reader.Job [mysqlreader] do post work.
2026-10-08 02:00:51.788 [job-0] INFO  JobContainer - DataX jobId [0] completed successfully.
2026-10-08 02:00:51.788 [job-0] INFO  HookInvoker - No hook invoked, because base dir not exists or is a file: /opt/datax/hook
2026-10-08 02:00:51.890 [job-0] INFO  JobContainer - 
	 [total cpu info] => 
		averageCpu                     | maxDeltaCpu                    | minDeltaCpu                    
		-1.00%                         | -1.00%                         | -1.00%
                        

	 [total gc info] => 
		 NAME                 | totalGCCount       | maxDeltaGCCount    | minDeltaGCCount    | totalGCTime        | maxDeltaGCTime     | minDeltaGCTime     
		 PS MarkSweep         | 1                  | 1                  | 1                  | 0.022s             | 0.022s             | 0.022s             
		 PS Scavenge          | 7                  | 7                  | 7                  | 0.030s             | 0.030s             | 0.030s             

2026-10-08 02:00:51.890 [job-0] INFO  JobContainer - PerfTrace not enable!
2026-10-08 02:00:51.890 [job-0] INFO  StandAloneJobContainerCommunicator - Total 224932 records, 8638208 bytes | Speed 843.57KB/s, 22493 records/s | Error 0 records, 0 bytes |  All Task WaitWriterTime 0.161s |  All Task WaitReaderTime 1.930s | Percentage 100.00%
2026-10-08 02:00:51.891 [job-0] INFO  JobContainer - 
任务启动时刻                    : 2026-10-08 02:00:40
任务结束时刻                    : 2026-10-08 02:00:51
任务总计耗时                    :                 11s
任务平均流量                    :          843.57KB/s
记录写入速度                    :          22493rec/s
读出记录总数                    :              224932
读写失败总数                    :                   0

======================修复 order_detail 分区======================
Partitions not in metastore:	ods_order_detail:dt=2026-10-07
Repair: Added partition to metastore ods_order_detail:dt=2026-10-07
